// Jest Snapshot v1, https://goo.gl/fbAQLP

exports[`Top line chart renders correctly 1`] = `
ShallowWrapper {
  Symbol(enzyme.__root__): [Circular],
  Symbol(enzyme.__unrendered__): <TopLineChart
    spendData={
      Array [
        Object {
          "x": "Aisle",
          "y": "0.01",
        },
      ]
    }
    totalCustsData={
      Array [
        Object {
          "x": "Aisle",
          "y": "0.04",
        },
      ]
    }
    unitsData={
      Array [
        Object {
          "x": "Aisle",
          "y": "0.02",
        },
      ]
    }
    visitsData={
      Array [
        Object {
          "x": "Aisle",
          "y": "0.03",
        },
      ]
    }
  />,
  Symbol(enzyme.__renderer__): Object {
    "batchedUpdates": [Function],
    "getNode": [Function],
    "render": [Function],
    "simulateError": [Function],
    "simulateEvent": [Function],
    "unmount": [Function],
  },
  Symbol(enzyme.__node__): Object {
    "instance": null,
    "key": undefined,
    "nodeType": "class",
    "props": Object {
      "children": Array [
        <XAxis
          attr="x"
          attrAxis="y"
          orientation="bottom"
        />,
        <YAxis
          attr="y"
          attrAxis="x"
          orientation="left"
        />,
        <VerticalGridLines
          attr="x"
          direction="vertical"
        />,
        <HorizontalGridLines
          attr="y"
          direction="horizontal"
        />,
        <ChartLabel
          className="top-axis-label"
          includeMargin={false}
          style={
            Object {
              "textAnchor": "end",
              "transform": "rotate(-90)",
            }
          }
          text="Uplift (%)"
          xPercent={0.06}
          yPercent={0.06}
        />,
        <VerticalBarSeries
          className=""
          data={
            Array [
              Object {
                "x": "Aisle",
                "y": "0.01",
              },
            ]
          }
          stack={false}
          style={Object {}}
        />,
        <VerticalBarSeries
          className=""
          data={
            Array [
              Object {
                "x": "Aisle",
                "y": "0.02",
              },
            ]
          }
          stack={false}
          style={Object {}}
        />,
        <VerticalBarSeries
          className=""
          data={
            Array [
              Object {
                "x": "Aisle",
                "y": "0.03",
              },
            ]
          }
          stack={false}
          style={Object {}}
        />,
        <VerticalBarSeries
          className=""
          data={
            Array [
              Object {
                "x": "Aisle",
                "y": "0.04",
              },
            ]
          }
          stack={false}
          style={Object {}}
        />,
      ],
      "className": "",
      "height": 300,
      "width": 600,
      "xType": "ordinal",
    },
    "ref": null,
    "rendered": Array [
      Object {
        "instance": null,
        "key": undefined,
        "nodeType": "function",
        "props": Object {
          "attr": "x",
          "attrAxis": "y",
          "orientation": "bottom",
        },
        "ref": null,
        "rendered": null,
        "type": [Function],
      },
      Object {
        "instance": null,
        "key": undefined,
        "nodeType": "function",
        "props": Object {
          "attr": "y",
          "attrAxis": "x",
          "orientation": "left",
        },
        "ref": null,
        "rendered": null,
        "type": [Function],
      },
      Object {
        "instance": null,
        "key": undefined,
        "nodeType": "function",
        "props": Object {
          "attr": "x",
          "direction": "vertical",
        },
        "ref": null,
        "rendered": null,
        "type": [Function],
      },
      Object {
        "instance": null,
        "key": undefined,
        "nodeType": "function",
        "props": Object {
          "attr": "y",
          "direction": "horizontal",
        },
        "ref": null,
        "rendered": null,
        "type": [Function],
      },
      Object {
        "instance": null,
        "key": undefined,
        "nodeType": "class",
        "props": Object {
          "className": "top-axis-label",
          "includeMargin": false,
          "style": Object {
            "textAnchor": "end",
            "transform": "rotate(-90)",
          },
          "text": "Uplift (%)",
          "xPercent": 0.06,
          "yPercent": 0.06,
        },
        "ref": null,
        "rendered": null,
        "type": [Function],
      },
      Object {
        "instance": null,
        "key": undefined,
        "nodeType": "class",
        "props": Object {
          "className": "",
          "data": Array [
            Object {
              "x": "Aisle",
              "y": "0.01",
            },
          ],
          "stack": false,
          "style": Object {},
        },
        "ref": null,
        "rendered": null,
        "type": [Function],
      },
      Object {
        "instance": null,
        "key": undefined,
        "nodeType": "class",
        "props": Object {
          "className": "",
          "data": Array [
            Object {
              "x": "Aisle",
              "y": "0.02",
            },
          ],
          "stack": false,
          "style": Object {},
        },
        "ref": null,
        "rendered": null,
        "type": [Function],
      },
      Object {
        "instance": null,
        "key": undefined,
        "nodeType": "class",
        "props": Object {
          "className": "",
          "data": Array [
            Object {
              "x": "Aisle",
              "y": "0.03",
            },
          ],
          "stack": false,
          "style": Object {},
        },
        "ref": null,
        "rendered": null,
        "type": [Function],
      },
      Object {
        "instance": null,
        "key": undefined,
        "nodeType": "class",
        "props": Object {
          "className": "",
          "data": Array [
            Object {
              "x": "Aisle",
              "y": "0.04",
            },
          ],
          "stack": false,
          "style": Object {},
        },
        "ref": null,
        "rendered": null,
        "type": [Function],
      },
    ],
    "type": [Function],
  },
  Symbol(enzyme.__nodes__): Array [
    Object {
      "instance": null,
      "key": undefined,
      "nodeType": "class",
      "props": Object {
        "children": Array [
          <XAxis
            attr="x"
            attrAxis="y"
            orientation="bottom"
          />,
          <YAxis
            attr="y"
            attrAxis="x"
            orientation="left"
          />,
          <VerticalGridLines
            attr="x"
            direction="vertical"
          />,
          <HorizontalGridLines
            attr="y"
            direction="horizontal"
          />,
          <ChartLabel
            className="top-axis-label"
            includeMargin={false}
            style={
              Object {
                "textAnchor": "end",
                "transform": "rotate(-90)",
              }
            }
            text="Uplift (%)"
            xPercent={0.06}
            yPercent={0.06}
          />,
          <VerticalBarSeries
            className=""
            data={
              Array [
                Object {
                  "x": "Aisle",
                  "y": "0.01",
                },
              ]
            }
            stack={false}
            style={Object {}}
          />,
          <VerticalBarSeries
            className=""
            data={
              Array [
                Object {
                  "x": "Aisle",
                  "y": "0.02",
                },
              ]
            }
            stack={false}
            style={Object {}}
          />,
          <VerticalBarSeries
            className=""
            data={
              Array [
                Object {
                  "x": "Aisle",
                  "y": "0.03",
                },
              ]
            }
            stack={false}
            style={Object {}}
          />,
          <VerticalBarSeries
            className=""
            data={
              Array [
                Object {
                  "x": "Aisle",
                  "y": "0.04",
                },
              ]
            }
            stack={false}
            style={Object {}}
          />,
        ],
        "className": "",
        "height": 300,
        "width": 600,
        "xType": "ordinal",
      },
      "ref": null,
      "rendered": Array [
        Object {
          "instance": null,
          "key": undefined,
          "nodeType": "function",
          "props": Object {
            "attr": "x",
            "attrAxis": "y",
            "orientation": "bottom",
          },
          "ref": null,
          "rendered": null,
          "type": [Function],
        },
        Object {
          "instance": null,
          "key": undefined,
          "nodeType": "function",
          "props": Object {
            "attr": "y",
            "attrAxis": "x",
            "orientation": "left",
          },
          "ref": null,
          "rendered": null,
          "type": [Function],
        },
        Object {
          "instance": null,
          "key": undefined,
          "nodeType": "function",
          "props": Object {
            "attr": "x",
            "direction": "vertical",
          },
          "ref": null,
          "rendered": null,
          "type": [Function],
        },
        Object {
          "instance": null,
          "key": undefined,
          "nodeType": "function",
          "props": Object {
            "attr": "y",
            "direction": "horizontal",
          },
          "ref": null,
          "rendered": null,
          "type": [Function],
        },
        Object {
          "instance": null,
          "key": undefined,
          "nodeType": "class",
          "props": Object {
            "className": "top-axis-label",
            "includeMargin": false,
            "style": Object {
              "textAnchor": "end",
              "transform": "rotate(-90)",
            },
            "text": "Uplift (%)",
            "xPercent": 0.06,
            "yPercent": 0.06,
          },
          "ref": null,
          "rendered": null,
          "type": [Function],
        },
        Object {
          "instance": null,
          "key": undefined,
          "nodeType": "class",
          "props": Object {
            "className": "",
            "data": Array [
              Object {
                "x": "Aisle",
                "y": "0.01",
              },
            ],
            "stack": false,
            "style": Object {},
          },
          "ref": null,
          "rendered": null,
          "type": [Function],
        },
        Object {
          "instance": null,
          "key": undefined,
          "nodeType": "class",
          "props": Object {
            "className": "",
            "data": Array [
              Object {
                "x": "Aisle",
                "y": "0.02",
              },
            ],
            "stack": false,
            "style": Object {},
          },
          "ref": null,
          "rendered": null,
          "type": [Function],
        },
        Object {
          "instance": null,
          "key": undefined,
          "nodeType": "class",
          "props": Object {
            "className": "",
            "data": Array [
              Object {
                "x": "Aisle",
                "y": "0.03",
              },
            ],
            "stack": false,
            "style": Object {},
          },
          "ref": null,
          "rendered": null,
          "type": [Function],
        },
        Object {
          "instance": null,
          "key": undefined,
          "nodeType": "class",
          "props": Object {
            "className": "",
            "data": Array [
              Object {
                "x": "Aisle",
                "y": "0.04",
              },
            ],
            "stack": false,
            "style": Object {},
          },
          "ref": null,
          "rendered": null,
          "type": [Function],
        },
      ],
      "type": [Function],
    },
  ],
  Symbol(enzyme.__options__): Object {
    "adapter": ReactSixteenAdapter {
      "options": Object {
        "enableComponentDidUpdateOnSetState": true,
        "lifecycles": Object {
          "componentDidUpdate": Object {
            "onSetState": true,
          },
          "getDerivedStateFromProps": true,
          "getSnapshotBeforeUpdate": true,
          "setState": Object {
            "skipsComponentDidUpdateOnNullish": true,
          },
        },
      },
    },
  },
}
`;
